// Jest Snapshot v1, https://goo.gl/fbAQLP

exports[`exportContributionAlerts should export changes to contributions API 1`] = `undefined`;
