// Jest Snapshot v1, https://goo.gl/fbAQLP

exports[`kosko generate --prod restore 1`] = `
"metadata:
  name: sitemap-uploader
  namespace: cdtn-admin-secret
spec:
  backoffLimit: 3
  template:
    metadata:
      name: sitemap-uploader
      namespace: cdtn-admin-secret
    spec:
      restartPolicy: OnFailure
      containers:
        - name: az-sitemap-uploader
          image: 'mcr.microsoft.com/azure-cli:2.9.1'
          command:
            - bash
          args:
            - '-c'
            - >+


              echo \\"Fetch sitemap from $SITEMAP_ENDPOINT\\"

              wget $SITEMAP_ENDPOINT -O sitemap.xml


              echo \\"Upload sitemap to
              azure/$DESTINATION_CONTAINER/$DESTINATION_NAME\\"

              az storage blob upload --account-name $AZ_ACCOUNT_NAME
              --account-key $AZ_ACCOUNT_KEY --container-name
              $DESTINATION_CONTAINER --file sitemap.xml --name $DESTINATION_NAME

          env:
            - name: DESTINATION_CONTAINER
              value: sitemap
            - name: DESTINATION_NAME
              value: test.xml
            - name: AZ_ACCOUNT_NAME
              value: $(azurestorageaccountname)
            - name: AZ_ACCOUNT_KEY
              value: $(azurestorageaccountkey)
            - name: SITEMAP_ENDPOINT
              value: 'https://code.travail.gouv.fr'
          envFrom:
            - secretRef:
                name: azure-cdtnadmindev-volume
apiVersion: batch/v1
kind: Job
"
`;
